// Jest Snapshot v1, https://goo.gl/fbAQLP

exports[`Brand should render correctly with link not provided 1`] = `
.emotion-0 {
  background-color: #B80000;
  min-height: 2.5rem;
  width: 100%;
  padding: 0 0.5rem;
}

@media (min-width: 25rem) {
  .emotion-0 {
    min-height: 3.25rem;
    padding: 0 1rem;
  }
}

.emotion-2 {
  position: relative;
  display: -webkit-box;
  display: -webkit-flex;
  display: -ms-flexbox;
  display: flex;
  -webkit-box-pack: justify;
  -webkit-justify-content: space-between;
  justify-content: space-between;
  -webkit-align-items: center;
  -webkit-box-align: center;
  -ms-flex-align: center;
  align-items: center;
  -webkit-box-flex-wrap: wrap;
  -webkit-flex-wrap: wrap;
  -ms-flex-wrap: wrap;
  flex-wrap: wrap;
  max-width: 78rem;
  margin: 0 auto;
}

@media (max-width: 14.9375rem) {
  .emotion-2 {
    display: block;
  }
}

.emotion-4 {
  box-sizing: content-box;
  color: #FFFFFF;
  fill: currentColor;
  padding-top: 0.625rem;
  padding-bottom: 0.375rem;
  height: 1.5rem;
  width: 100%;
  max-width: 17.5rem;
  min-width: 11.25rem;
  -webkit-flex: 1 1 11.25rem;
  -ms-flex: 1 1 11.25rem;
  flex: 1 1 11.25rem;
  -ms-flex-preferred-size: 17.5rem;
}

@media (min-width: 25rem) {
  .emotion-4 {
    padding-top: 1rem;
    padding-bottom: 0.75rem;
  }
}

@media (min-width: 37.5rem) {
  .emotion-4 {
    padding-top: 1.25rem;
    padding-bottom: 1rem;
  }
}

@media screen and (-ms-high-contrast: active),print {
  .emotion-4 {
    fill: windowText;
  }
}

.e1wgjeuw1:hover .emotion-4,
.e1wgjeuw1:focus .emotion-4 {
  -webkit-text-decoration: none;
  text-decoration: none;
  border-bottom: 0.25rem solid #FFFFFF;
  margin-bottom: -0.25rem;
}

.emotion-6 {
  -webkit-clip-path: inset(100%);
  clip-path: inset(100%);
  clip: rect(1px, 1px, 1px, 1px);
  height: 1px;
  overflow: hidden;
  position: absolute;
  width: 1px;
  margin: 0;
}

<div>
  <div
    class="emotion-0 emotion-1"
  >
    <div
      class="emotion-2 emotion-3"
    >
      <svg
        aria-hidden="true"
        class="emotion-4 emotion-5"
        focusable="false"
        height="24"
        viewBox="0 0 167.95 24"
        xmlns="http://www.w3.org/2000/svg"
      >
        <g
          fill-rule="evenodd"
        >
          <path
            d="M84.32"
          />
        </g>
      </svg>
      <span
        class="emotion-6 emotion-7"
        role="text"
      >
        <span
          lang="en-GB"
        >
          Default Brand Name, 
        </span>
        <span>
          Service
        </span>
      </span>
    </div>
  </div>
</div>
`;

exports[`Brand should render correctly with link provided 1`] = `
.emotion-0 {
  background-color: #B80000;
  min-height: 2.5rem;
  width: 100%;
  padding: 0 0.5rem;
}

@media (min-width: 25rem) {
  .emotion-0 {
    min-height: 3.25rem;
    padding: 0 1rem;
  }
}

.emotion-2 {
  position: relative;
  display: -webkit-box;
  display: -webkit-flex;
  display: -ms-flexbox;
  display: flex;
  -webkit-box-pack: justify;
  -webkit-justify-content: space-between;
  justify-content: space-between;
  -webkit-align-items: center;
  -webkit-box-align: center;
  -ms-flex-align: center;
  align-items: center;
  -webkit-box-flex-wrap: wrap;
  -webkit-flex-wrap: wrap;
  -ms-flex-wrap: wrap;
  flex-wrap: wrap;
  max-width: 78rem;
  margin: 0 auto;
}

@media (max-width: 14.9375rem) {
  .emotion-2 {
    display: block;
  }
}

.emotion-4 {
  display: inline-block;
  width: 100%;
  max-width: 17.5rem;
  min-width: 11.25rem;
  -webkit-flex: 1 1 11.25rem;
  -ms-flex: 1 1 11.25rem;
  flex: 1 1 11.25rem;
  -ms-flex-preferred-size: 17.5rem;
}

@media (max-width: 14.9375rem) {
  .emotion-4 {
    display: block;
  }
}

.emotion-6 {
  box-sizing: content-box;
  color: #FFFFFF;
  fill: currentColor;
  padding-top: 0.625rem;
  padding-bottom: 0.375rem;
  height: 1.5rem;
  width: 100%;
  max-width: 17.5rem;
  min-width: 11.25rem;
  -webkit-flex: 1 1 11.25rem;
  -ms-flex: 1 1 11.25rem;
  flex: 1 1 11.25rem;
  -ms-flex-preferred-size: 17.5rem;
}

@media (min-width: 25rem) {
  .emotion-6 {
    padding-top: 1rem;
    padding-bottom: 0.75rem;
  }
}

@media (min-width: 37.5rem) {
  .emotion-6 {
    padding-top: 1.25rem;
    padding-bottom: 1rem;
  }
}

@media screen and (-ms-high-contrast: active),print {
  .emotion-6 {
    fill: windowText;
  }
}

.emotion-5:hover .emotion-6,
.emotion-5:focus .emotion-6 {
  -webkit-text-decoration: none;
  text-decoration: none;
  border-bottom: 0.25rem solid #FFFFFF;
  margin-bottom: -0.25rem;
}

.emotion-8 {
  -webkit-clip-path: inset(100%);
  clip-path: inset(100%);
  clip: rect(1px, 1px, 1px, 1px);
  height: 1px;
  overflow: hidden;
  position: absolute;
  width: 1px;
  margin: 0;
}

<div>
  <div
    class="emotion-0 emotion-1"
  >
    <div
      class="emotion-2 emotion-3"
    >
      <a
        class="emotion-4 emotion-5"
        href="https://www.bbc.co.uk/news"
      >
        <svg
          aria-hidden="true"
          class="emotion-6 emotion-7"
          focusable="false"
          height="24"
          viewBox="0 0 167.95 24"
          xmlns="http://www.w3.org/2000/svg"
        >
          <g
            fill-rule="evenodd"
          >
            <path
              d="M84.32"
            />
          </g>
        </svg>
        <span
          class="emotion-8 emotion-9"
          role="text"
        >
          <span
            lang="en-GB"
          >
            Default Brand Name, 
          </span>
          <span>
            Service
          </span>
        </span>
      </a>
    </div>
  </div>
</div>
`;

exports[`Brand should render correctly with no service Localised Name 1`] = `
.emotion-0 {
  background-color: #B80000;
  min-height: 2.5rem;
  width: 100%;
  padding: 0 0.5rem;
}

@media (min-width: 25rem) {
  .emotion-0 {
    min-height: 3.25rem;
    padding: 0 1rem;
  }
}

.emotion-2 {
  position: relative;
  display: -webkit-box;
  display: -webkit-flex;
  display: -ms-flexbox;
  display: flex;
  -webkit-box-pack: justify;
  -webkit-justify-content: space-between;
  justify-content: space-between;
  -webkit-align-items: center;
  -webkit-box-align: center;
  -ms-flex-align: center;
  align-items: center;
  -webkit-box-flex-wrap: wrap;
  -webkit-flex-wrap: wrap;
  -ms-flex-wrap: wrap;
  flex-wrap: wrap;
  max-width: 78rem;
  margin: 0 auto;
}

@media (max-width: 14.9375rem) {
  .emotion-2 {
    display: block;
  }
}

.emotion-4 {
  box-sizing: content-box;
  color: #FFFFFF;
  fill: currentColor;
  padding-top: 0.625rem;
  padding-bottom: 0.375rem;
  height: 1.5rem;
  width: 100%;
  max-width: 17.5rem;
  min-width: 11.25rem;
  -webkit-flex: 1 1 11.25rem;
  -ms-flex: 1 1 11.25rem;
  flex: 1 1 11.25rem;
  -ms-flex-preferred-size: 17.5rem;
}

@media (min-width: 25rem) {
  .emotion-4 {
    padding-top: 1rem;
    padding-bottom: 0.75rem;
  }
}

@media (min-width: 37.5rem) {
  .emotion-4 {
    padding-top: 1.25rem;
    padding-bottom: 1rem;
  }
}

@media screen and (-ms-high-contrast: active),print {
  .emotion-4 {
    fill: windowText;
  }
}

.e1wgjeuw1:hover .emotion-4,
.e1wgjeuw1:focus .emotion-4 {
  -webkit-text-decoration: none;
  text-decoration: none;
  border-bottom: 0.25rem solid #FFFFFF;
  margin-bottom: -0.25rem;
}

.emotion-6 {
  -webkit-clip-path: inset(100%);
  clip-path: inset(100%);
  clip: rect(1px, 1px, 1px, 1px);
  height: 1px;
  overflow: hidden;
  position: absolute;
  width: 1px;
  margin: 0;
}

<div>
  <div
    class="emotion-0 emotion-1"
  >
    <div
      class="emotion-2 emotion-3"
    >
      <svg
        aria-hidden="true"
        class="emotion-4 emotion-5"
        focusable="false"
        height="24"
        viewBox="0 0 167.95 24"
        xmlns="http://www.w3.org/2000/svg"
      >
        <g
          fill-rule="evenodd"
        >
          <path
            d="M84.32"
          />
        </g>
      </svg>
      <span
        class="emotion-6 emotion-7"
      >
        BBC News
      </span>
    </div>
  </div>
</div>
`;

exports[`Brand should render correctly with transparent borders 1`] = `
.emotion-0 {
  background-color: #B80000;
  min-height: 2.5rem;
  width: 100%;
  padding: 0 0.5rem;
  border-top: 0.0625rem solid transparent;
  border-bottom: 0.0625rem solid transparent;
}

@media (min-width: 25rem) {
  .emotion-0 {
    min-height: 3.25rem;
    padding: 0 1rem;
  }
}

.emotion-2 {
  position: relative;
  display: -webkit-box;
  display: -webkit-flex;
  display: -ms-flexbox;
  display: flex;
  -webkit-box-pack: justify;
  -webkit-justify-content: space-between;
  justify-content: space-between;
  -webkit-align-items: center;
  -webkit-box-align: center;
  -ms-flex-align: center;
  align-items: center;
  -webkit-box-flex-wrap: wrap;
  -webkit-flex-wrap: wrap;
  -ms-flex-wrap: wrap;
  flex-wrap: wrap;
  max-width: 78rem;
  margin: 0 auto;
}

@media (max-width: 14.9375rem) {
  .emotion-2 {
    display: block;
  }
}

.emotion-4 {
  box-sizing: content-box;
  color: #FFFFFF;
  fill: currentColor;
  padding-top: 0.625rem;
  padding-bottom: 0.375rem;
  height: 1.5rem;
  width: 100%;
  max-width: 17.5rem;
  min-width: 11.25rem;
  -webkit-flex: 1 1 11.25rem;
  -ms-flex: 1 1 11.25rem;
  flex: 1 1 11.25rem;
  -ms-flex-preferred-size: 17.5rem;
}

@media (min-width: 25rem) {
  .emotion-4 {
    padding-top: 1rem;
    padding-bottom: 0.75rem;
  }
}

@media (min-width: 37.5rem) {
  .emotion-4 {
    padding-top: 1.25rem;
    padding-bottom: 1rem;
  }
}

@media screen and (-ms-high-contrast: active),print {
  .emotion-4 {
    fill: windowText;
  }
}

.e1wgjeuw1:hover .emotion-4,
.e1wgjeuw1:focus .emotion-4 {
  -webkit-text-decoration: none;
  text-decoration: none;
  border-bottom: 0.25rem solid #FFFFFF;
  margin-bottom: -0.25rem;
}

.emotion-6 {
  -webkit-clip-path: inset(100%);
  clip-path: inset(100%);
  clip: rect(1px, 1px, 1px, 1px);
  height: 1px;
  overflow: hidden;
  position: absolute;
  width: 1px;
  margin: 0;
}

<div>
  <div
    class="emotion-0 emotion-1"
  >
    <div
      class="emotion-2 emotion-3"
    >
      <svg
        aria-hidden="true"
        class="emotion-4 emotion-5"
        focusable="false"
        height="24"
        viewBox="0 0 167.95 24"
        xmlns="http://www.w3.org/2000/svg"
      >
        <g
          fill-rule="evenodd"
        >
          <path
            d="M84.32"
          />
        </g>
      </svg>
      <span
        class="emotion-6 emotion-7"
      >
        BBC News
      </span>
    </div>
  </div>
</div>
`;
